// Jest Snapshot v1, https://goo.gl/fbAQLP

exports[`Logo menu component should render properly 1`] = `
<div
  className="topbar__logo-wrapper"
>
  <img
    className="topbar__logo topbar__logo--in"
    src="logo-in.svg"
  />
  <img
    className="topbar__logo topbar__logo--deva"
    src="logo-deva.svg"
  />
</div>
`;
